interactions:
- request:
    body: null
    headers:
      Accept:
      - application/vnd.microsoft.appconfig.kvset+json
      Accept-Encoding:
      - gzip, deflate
      Connection:
      - keep-alive
      User-Agent:
      - azsdk-python-appconfiguration/1.0.0 Python/3.7.2 (Windows-10-10.0.18362-SP0)
    method: GET
    uri: https://appconfig757d1a9f.azconfig.io/kv?key=PYTHON_UNIT_test_key_a6af8952-54a6-11e9-b600-2816a84d0309&label=test_label1_1d7b2b28-549e-11e9-b51c-2816a84d0309&api-version=1.0
  response:
    body:
      string: '{"items":[]}'
    headers:
      access-control-allow-credentials:
      - 'true'
      access-control-allow-origin:
      - '*'
      access-control-expose-headers:
      - DNT, X-CustomHeader, Keep-Alive, User-Agent, X-Requested-With, If-Modified-Since,
        Cache-Control, Content-Type, Authorization, x-ms-client-request-id, x-ms-content-sha256,
        x-ms-date, host, Accept, Accept-Datetime, Date, If-Match, If-None-Match, Sync-Token,
        x-ms-return-client-request-id, ETag, Last-Modified, Link, Memento-Datetime,
        x-ms-retry-after, x-ms-request-id, WWW-Authenticate
      connection:
      - keep-alive
      content-type:
      - application/vnd.microsoft.appconfig.kvset+json; charset=utf-8
      date:
      - Tue, 10 Mar 2020 20:10:02 GMT
      server:
      - nginx/1.16.1
      strict-transport-security:
      - max-age=15724800; includeSubDomains
      transfer-encoding:
      - chunked
    status:
      code: 200
      message: OK
- request:
    body: '{"key": "PYTHON_UNIT_test_key_a6af8952-54a6-11e9-b600-2816a84d0309", "label":
      "test_label1_1d7b2b28-549e-11e9-b51c-2816a84d0309", "content_type": "test content
      type", "value": "test value", "tags": {"tag1": "tag1", "tag2": "tag2"}}'
    headers:
      Accept:
      - application/vnd.microsoft.appconfig.kv+json
      Accept-Encoding:
      - gzip, deflate
      Connection:
      - keep-alive
      Content-Length:
      - '231'
      Content-Type:
      - application/json; charset=utf-8
      If-None-Match:
      - '*'
      User-Agent:
      - azsdk-python-appconfiguration/1.0.0 Python/3.7.2 (Windows-10-10.0.18362-SP0)
    method: PUT
    uri: https://appconfig757d1a9f.azconfig.io/kv/PYTHON_UNIT_test_key_a6af8952-54a6-11e9-b600-2816a84d0309?label=test_label1_1d7b2b28-549e-11e9-b51c-2816a84d0309&api-version=1.0
  response:
    body:
      string: '{"etag":"dd3u3tdcG6J7Cx9a05xm5cOLLP4","key":"PYTHON_UNIT_test_key_a6af8952-54a6-11e9-b600-2816a84d0309","label":"test_label1_1d7b2b28-549e-11e9-b51c-2816a84d0309","content_type":"test
        content type","value":"test value","tags":{"tag1":"tag1","tag2":"tag2"},"locked":false,"last_modified":"2020-03-10T20:10:03+00:00"}'
    headers:
      access-control-allow-credentials:
      - 'true'
      access-control-allow-origin:
      - '*'
      access-control-expose-headers:
      - DNT, X-CustomHeader, Keep-Alive, User-Agent, X-Requested-With, If-Modified-Since,
        Cache-Control, Content-Type, Authorization, x-ms-client-request-id, x-ms-content-sha256,
        x-ms-date, host, Accept, Accept-Datetime, Date, If-Match, If-None-Match, Sync-Token,
        x-ms-return-client-request-id, ETag, Last-Modified, Link, Memento-Datetime,
        x-ms-retry-after, x-ms-request-id, WWW-Authenticate
      connection:
      - keep-alive
      content-type:
      - application/vnd.microsoft.appconfig.kv+json; charset=utf-8
      date:
      - Tue, 10 Mar 2020 20:10:02 GMT
      etag:
      - '"dd3u3tdcG6J7Cx9a05xm5cOLLP4"'
      last-modified:
      - Tue, 10 Mar 2020 20:10:03 GMT
      server:
      - nginx/1.16.1
      strict-transport-security:
      - max-age=15724800; includeSubDomains
      sync-token:
      - zAJw6V16=NjotMSMxNjk0OTM4;sn=1694938
      transfer-encoding:
      - chunked
    status:
      code: 200
      message: OK
- request:
    body: null
    headers:
      Accept:
      - application/vnd.microsoft.appconfig.kvset+json
      Accept-Encoding:
      - gzip, deflate
      Connection:
      - keep-alive
      Sync-Token:
      - zAJw6V16=NjotMSMxNjk0OTM4
      User-Agent:
      - azsdk-python-appconfiguration/1.0.0 Python/3.7.2 (Windows-10-10.0.18362-SP0)
    method: GET
    uri: https://appconfig757d1a9f.azconfig.io/kv?key=PYTHON_UNIT_test_key_a6af8952-54a6-11e9-b600-2816a84d0309&api-version=1.0
  response:
    body:
      string: '{"items":[{"etag":"dd3u3tdcG6J7Cx9a05xm5cOLLP4","key":"PYTHON_UNIT_test_key_a6af8952-54a6-11e9-b600-2816a84d0309","label":"test_label1_1d7b2b28-549e-11e9-b51c-2816a84d0309","content_type":"test
        content type","value":"test value","tags":{"tag1":"tag1","tag2":"tag2"},"locked":false,"last_modified":"2020-03-10T20:10:03+00:00"}]}'
    headers:
      access-control-allow-credentials:
      - 'true'
      access-control-allow-origin:
      - '*'
      access-control-expose-headers:
      - DNT, X-CustomHeader, Keep-Alive, User-Agent, X-Requested-With, If-Modified-Since,
        Cache-Control, Content-Type, Authorization, x-ms-client-request-id, x-ms-content-sha256,
        x-ms-date, host, Accept, Accept-Datetime, Date, If-Match, If-None-Match, Sync-Token,
        x-ms-return-client-request-id, ETag, Last-Modified, Link, Memento-Datetime,
        x-ms-retry-after, x-ms-request-id, WWW-Authenticate
      connection:
      - keep-alive
      content-type:
      - application/vnd.microsoft.appconfig.kvset+json; charset=utf-8
      date:
      - Tue, 10 Mar 2020 20:10:02 GMT
      server:
      - nginx/1.16.1
      strict-transport-security:
      - max-age=15724800; includeSubDomains
      sync-token:
      - zAJw6V16=NjotMSMxNjk0OTM4;sn=1694938
      transfer-encoding:
      - chunked
    status:
      code: 200
      message: OK
- request:
    body: null
    headers:
      Accept:
      - application/vnd.microsoft.appconfig.kv+json
      Accept-Encoding:
      - gzip, deflate
      Connection:
      - keep-alive
      Content-Length:
      - '0'
      Sync-Token:
      - zAJw6V16=NjotMSMxNjk0OTM4
      User-Agent:
      - azsdk-python-appconfiguration/1.0.0 Python/3.7.2 (Windows-10-10.0.18362-SP0)
    method: DELETE
    uri: https://appconfig757d1a9f.azconfig.io/kv/PYTHON_UNIT_test_key_a6af8952-54a6-11e9-b600-2816a84d0309?api-version=1.0
  response:
    body:
      string: ''
    headers:
      access-control-allow-credentials:
      - 'true'
      access-control-allow-origin:
      - '*'
      access-control-expose-headers:
      - DNT, X-CustomHeader, Keep-Alive, User-Agent, X-Requested-With, If-Modified-Since,
        Cache-Control, Content-Type, Authorization, x-ms-client-request-id, x-ms-content-sha256,
        x-ms-date, host, Accept, Accept-Datetime, Date, If-Match, If-None-Match, Sync-Token,
        x-ms-return-client-request-id, ETag, Last-Modified, Link, Memento-Datetime,
        x-ms-retry-after, x-ms-request-id, WWW-Authenticate
      connection:
      - keep-alive
      content-type:
      - application/vnd.microsoft.appconfig.kv+json; charset=utf-8
      date:
      - Tue, 10 Mar 2020 20:10:02 GMT
      server:
      - nginx/1.16.1
      strict-transport-security:
      - max-age=15724800; includeSubDomains
    status:
      code: 204
      message: No Content
- request:
    body: '{"key": "PYTHON_UNIT_test_key_a6af8952-54a6-11e9-b600-2816a84d0309", "content_type":
      "test content type", "value": "test value", "tags": {"tag1": "tag1", "tag2":
      "tag2"}}'
    headers:
      Accept:
      - application/vnd.microsoft.appconfig.kv+json
      Accept-Encoding:
      - gzip, deflate
      Connection:
      - keep-alive
      Content-Length:
      - '170'
      Content-Type:
      - application/json; charset=utf-8
      If-None-Match:
      - '*'
      Sync-Token:
      - zAJw6V16=NjotMSMxNjk0OTM4
      User-Agent:
      - azsdk-python-appconfiguration/1.0.0 Python/3.7.2 (Windows-10-10.0.18362-SP0)
    method: PUT
    uri: https://appconfig757d1a9f.azconfig.io/kv/PYTHON_UNIT_test_key_a6af8952-54a6-11e9-b600-2816a84d0309?api-version=1.0
  response:
    body:
      string: '{"etag":"uI6SvLojUvs7RAoMrQaYGdyT5Wf","key":"PYTHON_UNIT_test_key_a6af8952-54a6-11e9-b600-2816a84d0309","label":null,"content_type":"test
        content type","value":"test value","tags":{"tag1":"tag1","tag2":"tag2"},"locked":false,"last_modified":"2020-03-10T20:10:03+00:00"}'
    headers:
      access-control-allow-credentials:
      - 'true'
      access-control-allow-origin:
      - '*'
      access-control-expose-headers:
      - DNT, X-CustomHeader, Keep-Alive, User-Agent, X-Requested-With, If-Modified-Since,
        Cache-Control, Content-Type, Authorization, x-ms-client-request-id, x-ms-content-sha256,
        x-ms-date, host, Accept, Accept-Datetime, Date, If-Match, If-None-Match, Sync-Token,
        x-ms-return-client-request-id, ETag, Last-Modified, Link, Memento-Datetime,
        x-ms-retry-after, x-ms-request-id, WWW-Authenticate
      connection:
      - keep-alive
      content-type:
      - application/vnd.microsoft.appconfig.kv+json; charset=utf-8
      date:
      - Tue, 10 Mar 2020 20:10:02 GMT
      etag:
      - '"uI6SvLojUvs7RAoMrQaYGdyT5Wf"'
      last-modified:
      - Tue, 10 Mar 2020 20:10:03 GMT
      server:
      - nginx/1.16.1
      strict-transport-security:
      - max-age=15724800; includeSubDomains
      sync-token:
      - zAJw6V16=NjotMSMxNjk0OTM5;sn=1694939
      transfer-encoding:
      - chunked
    status:
      code: 200
      message: OK
- request:
    body: null
    headers:
      Accept:
      - application/vnd.microsoft.appconfig.kv+json
      Accept-Encoding:
      - gzip, deflate
      Connection:
      - keep-alive
      Content-Length:
      - '0'
      Sync-Token:
      - zAJw6V16=NjotMSMxNjk0OTM5
      User-Agent:
      - azsdk-python-appconfiguration/1.0.0 Python/3.7.2 (Windows-10-10.0.18362-SP0)
    method: DELETE
    uri: https://appconfig757d1a9f.azconfig.io/kv/PYTHON_UNIT_test_key_a6af8952-54a6-11e9-b600-2816a84d0309?api-version=1.0
  response:
    body:
      string: '{"etag":"uI6SvLojUvs7RAoMrQaYGdyT5Wf","key":"PYTHON_UNIT_test_key_a6af8952-54a6-11e9-b600-2816a84d0309","label":null,"content_type":"test
        content type","value":"test value","tags":{"tag1":"tag1","tag2":"tag2"},"locked":false,"last_modified":"2020-03-10T20:10:03+00:00"}'
    headers:
      access-control-allow-credentials:
      - 'true'
      access-control-allow-origin:
      - '*'
      access-control-expose-headers:
      - DNT, X-CustomHeader, Keep-Alive, User-Agent, X-Requested-With, If-Modified-Since,
        Cache-Control, Content-Type, Authorization, x-ms-client-request-id, x-ms-content-sha256,
        x-ms-date, host, Accept, Accept-Datetime, Date, If-Match, If-None-Match, Sync-Token,
        x-ms-return-client-request-id, ETag, Last-Modified, Link, Memento-Datetime,
        x-ms-retry-after, x-ms-request-id, WWW-Authenticate
      connection:
      - keep-alive
      content-type:
      - application/vnd.microsoft.appconfig.kv+json; charset=utf-8
      date:
      - Tue, 10 Mar 2020 20:10:02 GMT
      etag:
      - '"uI6SvLojUvs7RAoMrQaYGdyT5Wf"'
      last-modified:
      - Tue, 10 Mar 2020 20:10:03 GMT
      server:
      - nginx/1.16.1
      strict-transport-security:
      - max-age=15724800; includeSubDomains
      sync-token:
      - zAJw6V16=NjotMSMxNjk0OTQw;sn=1694940
      transfer-encoding:
      - chunked
    status:
      code: 200
      message: OK
- request:
    body: null
    headers:
      Accept:
      - application/vnd.microsoft.appconfig.kv+json
      Accept-Encoding:
      - gzip, deflate
      Connection:
      - keep-alive
      Sync-Token:
      - zAJw6V16=NjotMSMxNjk0OTQw
      User-Agent:
      - azsdk-python-appconfiguration/1.0.0 Python/3.7.2 (Windows-10-10.0.18362-SP0)
    method: GET
    uri: https://appconfig757d1a9f.azconfig.io/kv/PYTHON_UNIT_test_key_a6af8952-54a6-11e9-b600-2816a84d0309?api-version=1.0
  response:
    body:
      string: ''
    headers:
      access-control-allow-credentials:
      - 'true'
      access-control-allow-origin:
      - '*'
      access-control-expose-headers:
      - DNT, X-CustomHeader, Keep-Alive, User-Agent, X-Requested-With, If-Modified-Since,
        Cache-Control, Content-Type, Authorization, x-ms-client-request-id, x-ms-content-sha256,
        x-ms-date, host, Accept, Accept-Datetime, Date, If-Match, If-None-Match, Sync-Token,
        x-ms-return-client-request-id, ETag, Last-Modified, Link, Memento-Datetime,
        x-ms-retry-after, x-ms-request-id, WWW-Authenticate
      connection:
      - keep-alive
      content-length:
      - '0'
      date:
      - Tue, 10 Mar 2020 20:10:03 GMT
      server:
      - nginx/1.16.1
      strict-transport-security:
      - max-age=15724800; includeSubDomains
    status:
      code: 404
      message: Not Found
- request:
    body: null
    headers:
      Accept:
      - application/vnd.microsoft.appconfig.kv+json
      Accept-Encoding:
      - gzip, deflate
      Connection:
      - keep-alive
      Content-Length:
      - '0'
      Sync-Token:
      - zAJw6V16=NjotMSMxNjk0OTQw
      User-Agent:
      - azsdk-python-appconfiguration/1.0.0 Python/3.7.2 (Windows-10-10.0.18362-SP0)
    method: DELETE
    uri: https://appconfig757d1a9f.azconfig.io/kv/PYTHON_UNIT_test_key_a6af8952-54a6-11e9-b600-2816a84d0309?label=test_label1_1d7b2b28-549e-11e9-b51c-2816a84d0309&api-version=1.0
  response:
    body:
      string: '{"etag":"dd3u3tdcG6J7Cx9a05xm5cOLLP4","key":"PYTHON_UNIT_test_key_a6af8952-54a6-11e9-b600-2816a84d0309","label":"test_label1_1d7b2b28-549e-11e9-b51c-2816a84d0309","content_type":"test
        content type","value":"test value","tags":{"tag1":"tag1","tag2":"tag2"},"locked":false,"last_modified":"2020-03-10T20:10:03+00:00"}'
    headers:
      access-control-allow-credentials:
      - 'true'
      access-control-allow-origin:
      - '*'
      access-control-expose-headers:
      - DNT, X-CustomHeader, Keep-Alive, User-Agent, X-Requested-With, If-Modified-Since,
        Cache-Control, Content-Type, Authorization, x-ms-client-request-id, x-ms-content-sha256,
        x-ms-date, host, Accept, Accept-Datetime, Date, If-Match, If-None-Match, Sync-Token,
        x-ms-return-client-request-id, ETag, Last-Modified, Link, Memento-Datetime,
        x-ms-retry-after, x-ms-request-id, WWW-Authenticate
      connection:
      - keep-alive
      content-type:
      - application/vnd.microsoft.appconfig.kv+json; charset=utf-8
      date:
      - Tue, 10 Mar 2020 20:10:03 GMT
      etag:
      - '"dd3u3tdcG6J7Cx9a05xm5cOLLP4"'
      last-modified:
      - Tue, 10 Mar 2020 20:10:03 GMT
      server:
      - nginx/1.16.1
      strict-transport-security:
      - max-age=15724800; includeSubDomains
      sync-token:
      - zAJw6V16=NjotMSMxNjk0OTQx;sn=1694941
      transfer-encoding:
      - chunked
    status:
      code: 200
      message: OK
version: 1
