interactions:
- request:
    body: '{"sku": {"name": "Standard_GRS"}, "kind": "StorageV2", "location": "eastus",
      "tags": {"key1": "value1", "key2": "value2"}, "properties": {"encryption": {"services":
      {"blob": {"enabled": true}, "file": {"enabled": true}}, "keySource": "Microsoft.Storage"}}}'
    headers:
      Accept:
      - application/json
      Accept-Encoding:
      - gzip, deflate
      Connection:
      - keep-alive
      Content-Length:
      - '256'
      Content-Type:
      - application/json; charset=utf-8
      User-Agent:
      - python/3.6.9 (Linux-4.9.184-linuxkit-x86_64-with-Ubuntu-18.04-bionic) msrest/0.6.10
        msrest_azure/0.6.2 azure-mgmt-storage/5.0.0 Azure-SDK-For-Python
      accept-language:
      - en-US
    method: PUT
    uri: https://management.azure.com/subscriptions/00000000-0000-0000-0000-000000000000/resourceGroups/test_mgmt_compute_test_compute_log_analytics9b271243/providers/Microsoft.Storage/storageAccounts/accountxyz9b271243?api-version=2019-04-01
  response:
    body:
      string: ''
    headers:
      cache-control:
      - no-cache
      content-length:
      - '0'
      content-type:
      - text/plain; charset=utf-8
      date:
      - Wed, 06 May 2020 07:49:44 GMT
      expires:
      - '-1'
      location:
      - https://management.azure.com/subscriptions/00000000-0000-0000-0000-000000000000/providers/Microsoft.Storage/locations/eastus/asyncoperations/f3376c25-3771-4058-8312-3453e7525c5f?monitor=true&api-version=2019-04-01
      pragma:
      - no-cache
      server:
      - Microsoft-Azure-Storage-Resource-Provider/1.0,Microsoft-HTTPAPI/2.0 Microsoft-HTTPAPI/2.0
      strict-transport-security:
      - max-age=31536000; includeSubDomains
      x-content-type-options:
      - nosniff
      x-ms-ratelimit-remaining-subscription-writes:
      - '1199'
    status:
      code: 202
      message: Accepted
- request:
    body: null
    headers:
      Accept:
      - application/json
      Accept-Encoding:
      - gzip, deflate
      Connection:
      - keep-alive
      User-Agent:
      - python/3.6.9 (Linux-4.9.184-linuxkit-x86_64-with-Ubuntu-18.04-bionic) msrest/0.6.10
        msrest_azure/0.6.2 azure-mgmt-storage/5.0.0 Azure-SDK-For-Python
    method: GET
    uri: https://management.azure.com/subscriptions/00000000-0000-0000-0000-000000000000/providers/Microsoft.Storage/locations/eastus/asyncoperations/f3376c25-3771-4058-8312-3453e7525c5f?monitor=true&api-version=2019-04-01
  response:
    body:
      string: ''
    headers:
      cache-control:
      - no-cache
      content-length:
      - '0'
      content-type:
      - text/plain; charset=utf-8
      date:
      - Wed, 06 May 2020 07:50:01 GMT
      expires:
      - '-1'
      location:
      - https://management.azure.com/subscriptions/00000000-0000-0000-0000-000000000000/providers/Microsoft.Storage/locations/eastus/asyncoperations/f3376c25-3771-4058-8312-3453e7525c5f?monitor=true&api-version=2019-04-01
      pragma:
      - no-cache
      server:
      - Microsoft-Azure-Storage-Resource-Provider/1.0,Microsoft-HTTPAPI/2.0 Microsoft-HTTPAPI/2.0
      strict-transport-security:
      - max-age=31536000; includeSubDomains
      x-content-type-options:
      - nosniff
    status:
      code: 202
      message: Accepted
- request:
    body: null
    headers:
      Accept:
      - application/json
      Accept-Encoding:
      - gzip, deflate
      Connection:
      - keep-alive
      User-Agent:
      - python/3.6.9 (Linux-4.9.184-linuxkit-x86_64-with-Ubuntu-18.04-bionic) msrest/0.6.10
        msrest_azure/0.6.2 azure-mgmt-storage/5.0.0 Azure-SDK-For-Python
    method: GET
    uri: https://management.azure.com/subscriptions/00000000-0000-0000-0000-000000000000/providers/Microsoft.Storage/locations/eastus/asyncoperations/f3376c25-3771-4058-8312-3453e7525c5f?monitor=true&api-version=2019-04-01
  response:
    body:
      string: ''
    headers:
      cache-control:
      - no-cache
      content-length:
      - '0'
      content-type:
      - text/plain; charset=utf-8
      date:
      - Wed, 06 May 2020 07:50:06 GMT
      expires:
      - '-1'
      location:
      - https://management.azure.com/subscriptions/00000000-0000-0000-0000-000000000000/providers/Microsoft.Storage/locations/eastus/asyncoperations/f3376c25-3771-4058-8312-3453e7525c5f?monitor=true&api-version=2019-04-01
      pragma:
      - no-cache
      server:
      - Microsoft-Azure-Storage-Resource-Provider/1.0,Microsoft-HTTPAPI/2.0 Microsoft-HTTPAPI/2.0
      strict-transport-security:
      - max-age=31536000; includeSubDomains
      x-content-type-options:
      - nosniff
    status:
      code: 202
      message: Accepted
- request:
    body: null
    headers:
      Accept:
      - application/json
      Accept-Encoding:
      - gzip, deflate
      Connection:
      - keep-alive
      User-Agent:
      - python/3.6.9 (Linux-4.9.184-linuxkit-x86_64-with-Ubuntu-18.04-bionic) msrest/0.6.10
        msrest_azure/0.6.2 azure-mgmt-storage/5.0.0 Azure-SDK-For-Python
    method: GET
    uri: https://management.azure.com/subscriptions/00000000-0000-0000-0000-000000000000/providers/Microsoft.Storage/locations/eastus/asyncoperations/f3376c25-3771-4058-8312-3453e7525c5f?monitor=true&api-version=2019-04-01
  response:
    body:
      string: ''
    headers:
      cache-control:
      - no-cache
      content-length:
      - '0'
      content-type:
      - text/plain; charset=utf-8
      date:
      - Wed, 06 May 2020 07:50:09 GMT
      expires:
      - '-1'
      location:
      - https://management.azure.com/subscriptions/00000000-0000-0000-0000-000000000000/providers/Microsoft.Storage/locations/eastus/asyncoperations/f3376c25-3771-4058-8312-3453e7525c5f?monitor=true&api-version=2019-04-01
      pragma:
      - no-cache
      server:
      - Microsoft-Azure-Storage-Resource-Provider/1.0,Microsoft-HTTPAPI/2.0 Microsoft-HTTPAPI/2.0
      strict-transport-security:
      - max-age=31536000; includeSubDomains
      x-content-type-options:
      - nosniff
    status:
      code: 202
      message: Accepted
- request:
    body: null
    headers:
      Accept:
      - application/json
      Accept-Encoding:
      - gzip, deflate
      Connection:
      - keep-alive
      User-Agent:
      - python/3.6.9 (Linux-4.9.184-linuxkit-x86_64-with-Ubuntu-18.04-bionic) msrest/0.6.10
        msrest_azure/0.6.2 azure-mgmt-storage/5.0.0 Azure-SDK-For-Python
    method: GET
    uri: https://management.azure.com/subscriptions/00000000-0000-0000-0000-000000000000/providers/Microsoft.Storage/locations/eastus/asyncoperations/f3376c25-3771-4058-8312-3453e7525c5f?monitor=true&api-version=2019-04-01
  response:
    body:
      string: '{"sku":{"name":"Standard_GRS","tier":"Standard"},"kind":"StorageV2","id":"/subscriptions/00000000-0000-0000-0000-000000000000/resourceGroups/test_mgmt_compute_test_compute_log_analytics9b271243/providers/Microsoft.Storage/storageAccounts/accountxyz9b271243","name":"accountxyz9b271243","type":"Microsoft.Storage/storageAccounts","location":"eastus","tags":{"key1":"value1","key2":"value2"},"properties":{"networkAcls":{"bypass":"AzureServices","virtualNetworkRules":[],"ipRules":[],"defaultAction":"Allow"},"supportsHttpsTrafficOnly":true,"encryption":{"services":{"file":{"enabled":true,"lastEnabledTime":"2020-05-06T07:49:44.0519072Z"},"blob":{"enabled":true,"lastEnabledTime":"2020-05-06T07:49:44.0519072Z"}},"keySource":"Microsoft.Storage"},"accessTier":"Hot","provisioningState":"Succeeded","creationTime":"2020-05-06T07:49:43.9582060Z","primaryEndpoints":{"dfs":"https://accountxyz9b271243.dfs.core.windows.net/","web":"https://accountxyz9b271243.z13.web.core.windows.net/","blob":"https://accountxyz9b271243.blob.core.windows.net/","queue":"https://accountxyz9b271243.queue.core.windows.net/","table":"https://accountxyz9b271243.table.core.windows.net/","file":"https://accountxyz9b271243.file.core.windows.net/"},"primaryLocation":"eastus","statusOfPrimary":"available","secondaryLocation":"westus","statusOfSecondary":"available"}}'
    headers:
      cache-control:
      - no-cache
      content-length:
      - '1340'
      content-type:
      - application/json
      date:
      - Wed, 06 May 2020 07:50:12 GMT
      expires:
      - '-1'
      pragma:
      - no-cache
      server:
      - Microsoft-Azure-Storage-Resource-Provider/1.0,Microsoft-HTTPAPI/2.0 Microsoft-HTTPAPI/2.0
      strict-transport-security:
      - max-age=31536000; includeSubDomains
      transfer-encoding:
      - chunked
      vary:
      - Accept-Encoding
      x-content-type-options:
      - nosniff
    status:
      code: 200
      message: OK
- request:
    body: null
    headers:
      Accept:
      - application/json
      Accept-Encoding:
      - gzip, deflate
      Connection:
      - keep-alive
      Content-Length:
      - '0'
      User-Agent:
      - python/3.6.9 (Linux-4.9.184-linuxkit-x86_64-with-Ubuntu-18.04-bionic) msrest/0.6.10
        msrest_azure/0.6.2 azure-mgmt-storage/5.0.0 Azure-SDK-For-Python
      accept-language:
      - en-US
    method: POST
    uri: https://management.azure.com/subscriptions/00000000-0000-0000-0000-000000000000/resourceGroups/test_mgmt_compute_test_compute_log_analytics9b271243/providers/Microsoft.Storage/storageAccounts/accountxyz9b271243/listKeys?api-version=2019-04-01
  response:
    body:
      string: '{"keys":[{"keyName":"key1","value":"1Kkak0OzqMdc0V54t4CuZ0ejwwhzKsyNmx8daYmEwmFqEq+AmzHnCd5qVjB0eTsGHmzP81corbizaC7T+HrYUg==","permissions":"FULL"},{"keyName":"key2","value":"ya0Y0WuOCKlcP9JAAeYhOhAp9+Ze7qNZRS6xVBXan1dft5aTiWIoD/TgBfeAjDIVIThgRy43R3Ks1ZH3mA/Kdw==","permissions":"FULL"}]}'
    headers:
      cache-control:
      - no-cache
      content-length:
      - '288'
      content-type:
      - application/json
      date:
      - Wed, 06 May 2020 07:50:13 GMT
      expires:
      - '-1'
      pragma:
      - no-cache
      server:
      - Microsoft-Azure-Storage-Resource-Provider/1.0,Microsoft-HTTPAPI/2.0 Microsoft-HTTPAPI/2.0
      strict-transport-security:
      - max-age=31536000; includeSubDomains
      transfer-encoding:
      - chunked
      vary:
      - Accept-Encoding
      x-content-type-options:
      - nosniff
      x-ms-ratelimit-remaining-subscription-resource-requests:
      - '11999'
    status:
      code: 200
      message: OK
- request:
    body: '{"blobContainerSasUri": "https://accountxyz9b271243.blob.core.windows.net/foo?st=2020-05-05T07%3A50%3A13Z&se=2020-04-28T07%3A50%3A13Z&sp=rl&sv=2019-07-07&ss=b&srt=o&sig=6Dm3AI4iggEady7qT/tYkaD73JwsdZUuSDgVwt7a0Ss%3D",
      "fromTime": "2020-05-04T07:50:13.332239Z", "toTime": "2020-05-06T07:50:13.332257Z",
      "groupByResourceName": true, "intervalLength": "SixtyMins"}'
    headers:
      Accept:
      - application/json
      Accept-Encoding:
      - gzip, deflate
      Connection:
      - keep-alive
      Content-Length:
      - '361'
      Content-Type:
      - application/json
      User-Agent:
      - azsdk-python-azure-mgmt-compute/0.1.0 Python/3.6.9 (Linux-4.9.184-linuxkit-x86_64-with-Ubuntu-18.04-bionic)
    method: POST
    uri: https://management.azure.com/subscriptions/00000000-0000-0000-0000-000000000000/providers/Microsoft.Compute/locations/eastus/logAnalytics/apiAccess/getRequestRateByInterval?api-version=2019-12-01
  response:
    body:
      string: ''
    headers:
      azure-asyncoperation:
      - https://management.azure.com/subscriptions/00000000-0000-0000-0000-000000000000/providers/Microsoft.Compute/locations/eastus/operations/b235090a-e1a4-4aef-8de7-ce2c8f842bab?api-version=2019-12-01
      cache-control:
      - no-cache
      content-length:
      - '0'
      date:
      - Wed, 06 May 2020 07:50:14 GMT
      expires:
      - '-1'
      location:
      - https://management.azure.com/subscriptions/00000000-0000-0000-0000-000000000000/providers/Microsoft.Compute/locations/eastus/operations/b235090a-e1a4-4aef-8de7-ce2c8f842bab?monitor=true&api-version=2019-12-01
      pragma:
      - no-cache
      server:
      - Microsoft-HTTPAPI/2.0
      - Microsoft-HTTPAPI/2.0
      strict-transport-security:
      - max-age=31536000; includeSubDomains
      x-content-type-options:
      - nosniff
      x-ms-ratelimit-remaining-resource:
      - Microsoft.Compute/GetLogAnalytics3Min;9,Microsoft.Compute/GetLogAnalytics30Min;49
      x-ms-ratelimit-remaining-subscription-writes:
      - '1199'
    status:
      code: 202
      message: Accepted
- request:
    body: null
    headers:
      Accept:
      - '*/*'
      Accept-Encoding:
      - gzip, deflate
      Connection:
      - keep-alive
      User-Agent:
      - azsdk-python-azure-mgmt-compute/0.1.0 Python/3.6.9 (Linux-4.9.184-linuxkit-x86_64-with-Ubuntu-18.04-bionic)
    method: GET
    uri: https://management.azure.com/subscriptions/00000000-0000-0000-0000-000000000000/providers/Microsoft.Compute/locations/eastus/operations/b235090a-e1a4-4aef-8de7-ce2c8f842bab?api-version=2019-12-01
  response:
    body:
      string: "{\r\n  \"startTime\": \"2020-05-06T07:50:15.4890481+00:00\",\r\n  \"\
        endTime\": \"2020-05-06T07:50:15.8172075+00:00\",\r\n  \"status\": \"Failed\"\
        ,\r\n  \"error\": {\r\n    \"code\": \"InternalOperationError\",\r\n    \"\
        message\": \"Log analytics lookup query execution has failed.\"\r\n  },\r\n\
        \  \"name\": \"b235090a-e1a4-4aef-8de7-ce2c8f842bab\"\r\n}"
    headers:
      cache-control:
      - no-cache
      content-length:
      - '307'
      content-type:
      - application/json; charset=utf-8
      date:
      - Wed, 06 May 2020 07:50:46 GMT
      expires:
      - '-1'
      pragma:
      - no-cache
      server:
      - Microsoft-HTTPAPI/2.0
      - Microsoft-HTTPAPI/2.0
      strict-transport-security:
      - max-age=31536000; includeSubDomains
      transfer-encoding:
      - chunked
      vary:
      - Accept-Encoding
      x-content-type-options:
      - nosniff
      x-ms-ratelimit-remaining-resource:
      - Microsoft.Compute/GetOperation3Min;14998,Microsoft.Compute/GetOperation30Min;29962
    status:
      code: 200
      message: OK
- request:
    body: '{"blobContainerSasUri": "https://accountxyz9b271243.blob.core.windows.net/foo?st=2020-05-05T07%3A50%3A13Z&se=2020-04-28T07%3A50%3A13Z&sp=rl&sv=2019-07-07&ss=b&srt=o&sig=6Dm3AI4iggEady7qT/tYkaD73JwsdZUuSDgVwt7a0Ss%3D",
      "fromTime": "2020-05-04T07:50:45.285705Z", "toTime": "2020-05-06T07:50:45.285727Z",
      "groupByOperationName": true, "groupByResourceName": false}'
    headers:
      Accept:
      - application/json
      Accept-Encoding:
      - gzip, deflate
      Connection:
      - keep-alive
      Content-Length:
      - '361'
      Content-Type:
      - application/json
      User-Agent:
      - azsdk-python-azure-mgmt-compute/0.1.0 Python/3.6.9 (Linux-4.9.184-linuxkit-x86_64-with-Ubuntu-18.04-bionic)
    method: POST
    uri: https://management.azure.com/subscriptions/00000000-0000-0000-0000-000000000000/providers/Microsoft.Compute/locations/eastus/logAnalytics/apiAccess/getThrottledRequests?api-version=2019-12-01
  response:
    body:
      string: ''
    headers:
      azure-asyncoperation:
      - https://management.azure.com/subscriptions/00000000-0000-0000-0000-000000000000/providers/Microsoft.Compute/locations/eastus/operations/c9dbf83e-266e-4a47-b027-58c7e64dc6f2?api-version=2019-12-01
      cache-control:
      - no-cache
      content-length:
      - '0'
      date:
      - Wed, 06 May 2020 07:50:46 GMT
      expires:
      - '-1'
      location:
      - https://management.azure.com/subscriptions/00000000-0000-0000-0000-000000000000/providers/Microsoft.Compute/locations/eastus/operations/c9dbf83e-266e-4a47-b027-58c7e64dc6f2?monitor=true&api-version=2019-12-01
      pragma:
      - no-cache
      server:
      - Microsoft-HTTPAPI/2.0
      - Microsoft-HTTPAPI/2.0
      strict-transport-security:
      - max-age=31536000; includeSubDomains
      x-content-type-options:
      - nosniff
      x-ms-ratelimit-remaining-resource:
      - Microsoft.Compute/GetLogAnalytics3Min;8,Microsoft.Compute/GetLogAnalytics30Min;48
      x-ms-ratelimit-remaining-subscription-writes:
      - '1198'
    status:
      code: 202
      message: Accepted
- request:
    body: null
    headers:
      Accept:
      - '*/*'
      Accept-Encoding:
      - gzip, deflate
      Connection:
      - keep-alive
      User-Agent:
      - azsdk-python-azure-mgmt-compute/0.1.0 Python/3.6.9 (Linux-4.9.184-linuxkit-x86_64-with-Ubuntu-18.04-bionic)
    method: GET
    uri: https://management.azure.com/subscriptions/00000000-0000-0000-0000-000000000000/providers/Microsoft.Compute/locations/eastus/operations/c9dbf83e-266e-4a47-b027-58c7e64dc6f2?api-version=2019-12-01
  response:
    body:
      string: "{\r\n  \"startTime\": \"2020-05-06T07:50:46.3017488+00:00\",\r\n  \"\
        endTime\": \"2020-05-06T07:50:46.395477+00:00\",\r\n  \"status\": \"Failed\"\
        ,\r\n  \"error\": {\r\n    \"code\": \"InternalOperationError\",\r\n    \"\
        message\": \"Log analytics lookup query execution has failed.\"\r\n  },\r\n\
        \  \"name\": \"c9dbf83e-266e-4a47-b027-58c7e64dc6f2\"\r\n}"
    headers:
      cache-control:
      - no-cache
      content-length:
      - '306'
      content-type:
      - application/json; charset=utf-8
      date:
      - Wed, 06 May 2020 07:51:17 GMT
      expires:
      - '-1'
      pragma:
      - no-cache
      server:
      - Microsoft-HTTPAPI/2.0
      - Microsoft-HTTPAPI/2.0
      strict-transport-security:
      - max-age=31536000; includeSubDomains
      transfer-encoding:
      - chunked
      vary:
      - Accept-Encoding
      x-content-type-options:
      - nosniff
      x-ms-ratelimit-remaining-resource:
      - Microsoft.Compute/GetOperation3Min;14996,Microsoft.Compute/GetOperation30Min;29960
    status:
      code: 200
      message: OK
version: 1
